2026-02-04 20:07:41,269 | INFO | ===== START FULL CRAWL IMDB AVATAR =====
2026-02-04 20:07:41,269 | INFO | START movie=Avatar
2026-02-04 20:07:41,270 | INFO | FETCH page=1 | movie=Avatar | after=None
2026-02-04 20:07:43,754 | INFO | APPEND | movie=Avatar | review_id=rw11035315
2026-02-04 20:07:43,761 | INFO | APPEND | movie=Avatar | review_id=rw2173217
2026-02-04 20:07:43,768 | INFO | APPEND | movie=Avatar | review_id=rw7934161
2026-02-04 20:07:43,776 | INFO | APPEND | movie=Avatar | review_id=rw5766451
2026-02-04 20:07:43,782 | INFO | APPEND | movie=Avatar | review_id=rw8563215
2026-02-04 20:07:43,789 | INFO | APPEND | movie=Avatar | review_id=rw2174161
2026-02-04 20:07:43,797 | INFO | APPEND | movie=Avatar | review_id=rw2172619
2026-02-04 20:07:43,807 | INFO | APPEND | movie=Avatar | review_id=rw2178291
2026-02-04 20:07:43,815 | INFO | APPEND | movie=Avatar | review_id=rw2172715
2026-02-04 20:07:43,821 | INFO | APPEND | movie=Avatar | review_id=rw2177463
2026-02-04 20:07:43,826 | INFO | APPEND | movie=Avatar | review_id=rw2174283
2026-02-04 20:07:43,832 | INFO | APPEND | movie=Avatar | review_id=rw2291287
2026-02-04 20:07:43,839 | INFO | APPEND | movie=Avatar | review_id=rw2172172
2026-02-04 20:07:43,847 | INFO | APPEND | movie=Avatar | review_id=rw8682153
2026-02-04 20:07:43,854 | INFO | APPEND | movie=Avatar | review_id=rw2174894
2026-02-04 20:07:43,866 | INFO | APPEND | movie=Avatar | review_id=rw2174354
2026-02-04 20:07:43,874 | INFO | APPEND | movie=Avatar | review_id=rw8562637
2026-02-04 20:07:43,879 | INFO | APPEND | movie=Avatar | review_id=rw2183995
2026-02-04 20:07:43,883 | INFO | APPEND | movie=Avatar | review_id=rw2174861
2026-02-04 20:07:43,885 | INFO | APPEND | movie=Avatar | review_id=rw2179094
2026-02-04 20:07:43,891 | INFO | APPEND | movie=Avatar | review_id=rw2175980
2026-02-04 20:07:43,894 | INFO | APPEND | movie=Avatar | review_id=rw2185647
2026-02-04 20:07:43,896 | INFO | APPEND | movie=Avatar | review_id=rw2179058
2026-02-04 20:07:43,899 | INFO | APPEND | movie=Avatar | review_id=rw2214814
2026-02-04 20:07:43,902 | INFO | APPEND | movie=Avatar | review_id=rw2176156
2026-02-04 20:07:44,903 | INFO | FETCH page=2 | movie=Avatar | after=g4xotermtizcsyye7gxx5nzxr7rmsazz3ukdr7pqcwb32udan4r2ycc5mjoonmy2ycy2crzuhhgfzkpyggg56
2026-02-04 20:07:47,112 | INFO | APPEND | movie=Avatar | review_id=rw11000869
2026-02-04 20:07:47,120 | INFO | APPEND | movie=Avatar | review_id=rw5135021
2026-02-04 20:07:47,124 | INFO | APPEND | movie=Avatar | review_id=rw7995631
2026-02-04 20:07:47,127 | INFO | APPEND | movie=Avatar | review_id=rw6362796
2026-02-04 20:07:47,129 | INFO | APPEND | movie=Avatar | review_id=rw2190983
2026-02-04 20:07:47,132 | INFO | APPEND | movie=Avatar | review_id=rw2178439
2026-02-04 20:07:47,134 | INFO | APPEND | movie=Avatar | review_id=rw2178135
2026-02-04 20:07:47,137 | INFO | APPEND | movie=Avatar | review_id=rw2188263
2026-02-04 20:07:47,140 | INFO | APPEND | movie=Avatar | review_id=rw2178470
2026-02-04 20:07:47,144 | INFO | APPEND | movie=Avatar | review_id=rw2194057
2026-02-04 20:07:47,147 | INFO | APPEND | movie=Avatar | review_id=rw2177465
2026-02-04 20:07:47,149 | INFO | APPEND | movie=Avatar | review_id=rw2177677
2026-02-04 20:07:47,152 | INFO | APPEND | movie=Avatar | review_id=rw2175502
2026-02-04 20:07:47,156 | INFO | APPEND | movie=Avatar | review_id=rw2204360
2026-02-04 20:07:47,161 | INFO | APPEND | movie=Avatar | review_id=rw2188764
2026-02-04 20:07:47,164 | INFO | APPEND | movie=Avatar | review_id=rw2176853
2026-02-04 20:07:47,166 | INFO | APPEND | movie=Avatar | review_id=rw2186640
2026-02-04 20:07:47,169 | INFO | APPEND | movie=Avatar | review_id=rw2190074
2026-02-04 20:07:47,172 | INFO | APPEND | movie=Avatar | review_id=rw2178481
2026-02-04 20:07:47,177 | INFO | APPEND | movie=Avatar | review_id=rw2195114
2026-02-04 20:07:47,180 | INFO | APPEND | movie=Avatar | review_id=rw2176743
2026-02-04 20:07:47,184 | INFO | APPEND | movie=Avatar | review_id=rw2175835
2026-02-04 20:07:47,188 | INFO | APPEND | movie=Avatar | review_id=rw2177106
2026-02-04 20:07:47,192 | INFO | APPEND | movie=Avatar | review_id=rw2190619
2026-02-04 20:07:47,197 | INFO | APPEND | movie=Avatar | review_id=rw2175046
2026-02-04 20:07:48,198 | INFO | FETCH page=3 | movie=Avatar | after=g4u6lermtizcsyyk7gthvmrzrlu4yar23emtt6pjdpj3qfldnerkqdk7oyrtanux7xclwrima3c5dhz2w2ki4jq
2026-02-04 20:07:49,744 | INFO | APPEND | movie=Avatar | review_id=rw2178990
2026-02-04 20:07:49,763 | INFO | APPEND | movie=Avatar | review_id=rw2180970
2026-02-04 20:07:49,806 | INFO | APPEND | movie=Avatar | review_id=rw2181277
2026-02-04 20:07:49,810 | INFO | APPEND | movie=Avatar | review_id=rw2176298
2026-02-04 20:07:49,814 | INFO | APPEND | movie=Avatar | review_id=rw2183050
2026-02-04 20:07:49,818 | INFO | APPEND | movie=Avatar | review_id=rw2175343
2026-02-04 20:07:49,823 | INFO | APPEND | movie=Avatar | review_id=rw2183453
2026-02-04 20:07:49,829 | INFO | APPEND | movie=Avatar | review_id=rw2177938
2026-02-04 20:07:49,831 | INFO | APPEND | movie=Avatar | review_id=rw2178578
2026-02-04 20:07:49,834 | INFO | APPEND | movie=Avatar | review_id=rw2176260
2026-02-04 20:07:49,839 | INFO | APPEND | movie=Avatar | review_id=rw2180603
2026-02-04 20:07:49,843 | INFO | APPEND | movie=Avatar | review_id=rw8154961
2026-02-04 20:07:49,847 | INFO | APPEND | movie=Avatar | review_id=rw2195961
2026-02-04 20:07:49,850 | INFO | APPEND | movie=Avatar | review_id=rw2195537
2026-02-04 20:07:49,854 | INFO | APPEND | movie=Avatar | review_id=rw2176097
2026-02-04 20:07:49,857 | INFO | APPEND | movie=Avatar | review_id=rw2177181
2026-02-04 20:07:49,861 | INFO | APPEND | movie=Avatar | review_id=rw2178167
2026-02-04 20:07:49,864 | INFO | APPEND | movie=Avatar | review_id=rw2184564
2026-02-04 20:07:49,867 | INFO | APPEND | movie=Avatar | review_id=rw2181249
2026-02-04 20:07:49,871 | INFO | APPEND | movie=Avatar | review_id=rw2182777
2026-02-04 20:07:49,874 | INFO | APPEND | movie=Avatar | review_id=rw2193936
2026-02-04 20:07:49,877 | INFO | APPEND | movie=Avatar | review_id=rw2255033
2026-02-04 20:07:49,880 | INFO | APPEND | movie=Avatar | review_id=rw2187689
2026-02-04 20:07:49,884 | INFO | APPEND | movie=Avatar | review_id=rw2183177
2026-02-04 20:07:49,886 | INFO | APPEND | movie=Avatar | review_id=rw2181759
2026-02-04 20:07:50,887 | INFO | FETCH page=4 | movie=Avatar | after=g4sobermtizcsyia7cwh7njtr3q42ar33end3zh6iwdpqu3jnerkqbcjdwnb2sa2ug263s727ogyv5uzx62a
2026-02-04 20:07:53,335 | INFO | APPEND | movie=Avatar | review_id=rw2184616
2026-02-04 20:07:53,340 | INFO | APPEND | movie=Avatar | review_id=rw2195603
2026-02-04 20:07:53,345 | INFO | APPEND | movie=Avatar | review_id=rw2181251
2026-02-04 20:07:53,350 | INFO | APPEND | movie=Avatar | review_id=rw2177576
2026-02-04 20:07:53,359 | INFO | APPEND | movie=Avatar | review_id=rw2176386
2026-02-04 20:07:53,363 | INFO | APPEND | movie=Avatar | review_id=rw2356084
2026-02-04 20:07:53,369 | INFO | APPEND | movie=Avatar | review_id=rw2181807
2026-02-04 20:07:53,373 | INFO | APPEND | movie=Avatar | review_id=rw3709763
2026-02-04 20:07:53,378 | INFO | APPEND | movie=Avatar | review_id=rw2178269
2026-02-04 20:07:53,381 | INFO | APPEND | movie=Avatar | review_id=rw2176095
2026-02-04 20:07:53,385 | INFO | APPEND | movie=Avatar | review_id=rw2176380
2026-02-04 20:07:53,389 | INFO | APPEND | movie=Avatar | review_id=rw2178248
2026-02-04 20:07:53,394 | INFO | APPEND | movie=Avatar | review_id=rw2192429
2026-02-04 20:07:53,397 | INFO | APPEND | movie=Avatar | review_id=rw2186298
2026-02-04 20:07:53,401 | INFO | APPEND | movie=Avatar | review_id=rw2180874
2026-02-04 20:07:53,404 | INFO | APPEND | movie=Avatar | review_id=rw8133511
2026-02-04 20:07:53,406 | INFO | APPEND | movie=Avatar | review_id=rw2185254
2026-02-04 20:07:53,410 | INFO | APPEND | movie=Avatar | review_id=rw2177753
2026-02-04 20:07:53,413 | INFO | APPEND | movie=Avatar | review_id=rw2174503
2026-02-04 20:07:53,415 | INFO | APPEND | movie=Avatar | review_id=rw2243258
2026-02-04 20:07:53,418 | INFO | APPEND | movie=Avatar | review_id=rw2176165
2026-02-04 20:07:53,422 | INFO | APPEND | movie=Avatar | review_id=rw2174613
2026-02-04 20:07:53,427 | INFO | APPEND | movie=Avatar | review_id=rw8732109
2026-02-04 20:07:53,430 | INFO | APPEND | movie=Avatar | review_id=rw2174905
2026-02-04 20:07:53,433 | INFO | APPEND | movie=Avatar | review_id=rw2188915
2026-02-04 20:07:54,434 | INFO | FETCH page=5 | movie=Avatar | after=g4w6dczsqyxdo6ib72txfnjwr3r4qar73ykd36hedpj3qfldnew2kbc2ourtbbupaqvfokebs26asqwg72tceuq
2026-02-04 20:07:55,911 | INFO | APPEND | movie=Avatar | review_id=rw2178372
2026-02-04 20:07:55,942 | INFO | APPEND | movie=Avatar | review_id=rw2181797
2026-02-04 20:07:55,985 | INFO | APPEND | movie=Avatar | review_id=rw2205130
2026-02-04 20:07:56,006 | INFO | APPEND | movie=Avatar | review_id=rw2180047
2026-02-04 20:07:56,031 | INFO | APPEND | movie=Avatar | review_id=rw2176257
2026-02-04 20:07:56,046 | INFO | APPEND | movie=Avatar | review_id=rw2178503
2026-02-04 20:07:56,050 | INFO | APPEND | movie=Avatar | review_id=rw7254234
2026-02-04 20:07:56,057 | INFO | APPEND | movie=Avatar | review_id=rw8745272
2026-02-04 20:07:56,062 | INFO | APPEND | movie=Avatar | review_id=rw2194026
2026-02-04 20:07:56,066 | INFO | APPEND | movie=Avatar | review_id=rw2286769
2026-02-04 20:07:56,079 | INFO | APPEND | movie=Avatar | review_id=rw2178887
2026-02-04 20:07:56,084 | INFO | APPEND | movie=Avatar | review_id=rw2184667
2026-02-04 20:07:56,094 | INFO | APPEND | movie=Avatar | review_id=rw2179998
2026-02-04 20:07:56,097 | INFO | APPEND | movie=Avatar | review_id=rw2177780
2026-02-04 20:07:56,100 | INFO | APPEND | movie=Avatar | review_id=rw2195417
2026-02-04 20:07:56,104 | INFO | APPEND | movie=Avatar | review_id=rw2193148
2026-02-04 20:07:56,109 | INFO | APPEND | movie=Avatar | review_id=rw2181250
2026-02-04 20:07:56,112 | INFO | APPEND | movie=Avatar | review_id=rw2191610
2026-02-04 20:07:56,115 | INFO | APPEND | movie=Avatar | review_id=rw2185610
2026-02-04 20:07:56,117 | INFO | APPEND | movie=Avatar | review_id=rw2197929
2026-02-04 20:07:56,122 | INFO | APPEND | movie=Avatar | review_id=rw5503108
2026-02-04 20:07:56,126 | INFO | APPEND | movie=Avatar | review_id=rw2176851
2026-02-04 20:07:56,130 | INFO | APPEND | movie=Avatar | review_id=rw2177234
2026-02-04 20:07:56,133 | INFO | APPEND | movie=Avatar | review_id=rw2193349
2026-02-04 20:07:56,135 | INFO | APPEND | movie=Avatar | review_id=rw2182878
2026-02-04 20:07:57,137 | INFO | FETCH page=6 | movie=Avatar | after=g4w6fcbsqyxdo6if7sxxzojrrlsm4abz3qkdz7pidpj3qfldnew26bk4partajrvqafxytvnjzwoqdvrvr4m64y
2026-02-04 20:07:59,660 | INFO | APPEND | movie=Avatar | review_id=rw2177512
2026-02-04 20:07:59,664 | INFO | APPEND | movie=Avatar | review_id=rw2175515
2026-02-04 20:07:59,667 | INFO | APPEND | movie=Avatar | review_id=rw2185671
2026-02-04 20:07:59,673 | INFO | APPEND | movie=Avatar | review_id=rw2176847
2026-02-04 20:07:59,676 | INFO | APPEND | movie=Avatar | review_id=rw2227394
2026-02-04 20:07:59,680 | INFO | APPEND | movie=Avatar | review_id=rw2210378
2026-02-04 20:07:59,683 | INFO | APPEND | movie=Avatar | review_id=rw2175480
2026-02-04 20:07:59,687 | INFO | APPEND | movie=Avatar | review_id=rw2193689
2026-02-04 20:07:59,690 | INFO | APPEND | movie=Avatar | review_id=rw2195173
2026-02-04 20:07:59,695 | INFO | APPEND | movie=Avatar | review_id=rw2754534
2026-02-04 20:07:59,698 | INFO | APPEND | movie=Avatar | review_id=rw8753564
2026-02-04 20:07:59,701 | INFO | APPEND | movie=Avatar | review_id=rw2187747
2026-02-04 20:07:59,705 | INFO | APPEND | movie=Avatar | review_id=rw2177084
2026-02-04 20:07:59,710 | INFO | APPEND | movie=Avatar | review_id=rw2177847
2026-02-04 20:07:59,713 | INFO | APPEND | movie=Avatar | review_id=rw2190443
2026-02-04 20:07:59,716 | INFO | APPEND | movie=Avatar | review_id=rw6580946
2026-02-04 20:07:59,721 | INFO | APPEND | movie=Avatar | review_id=rw7887780
2026-02-04 20:07:59,725 | INFO | APPEND | movie=Avatar | review_id=rw6390310
2026-02-04 20:07:59,732 | INFO | APPEND | movie=Avatar | review_id=rw2182213
2026-02-04 20:07:59,734 | INFO | APPEND | movie=Avatar | review_id=rw2201119
2026-02-04 20:07:59,738 | INFO | APPEND | movie=Avatar | review_id=rw2289284
2026-02-04 20:07:59,743 | INFO | APPEND | movie=Avatar | review_id=rw2176870
2026-02-04 20:07:59,746 | INFO | APPEND | movie=Avatar | review_id=rw2176166
2026-02-04 20:07:59,749 | INFO | APPEND | movie=Avatar | review_id=rw2181318
2026-02-04 20:07:59,753 | INFO | APPEND | movie=Avatar | review_id=rw2181369
2026-02-04 20:08:00,754 | INFO | FETCH page=7 | movie=Avatar | after=g4w6pdbsqyxdo6ig7cvhrmrxrxtm6az23mkdr6xqcwb32udamask4c2smjoc4v2vg7obtsehbanohjtv2pvqg
2026-02-04 20:08:02,930 | INFO | APPEND | movie=Avatar | review_id=rw2188942
2026-02-04 20:08:02,933 | INFO | APPEND | movie=Avatar | review_id=rw2178744
2026-02-04 20:08:02,937 | INFO | APPEND | movie=Avatar | review_id=rw2177350
2026-02-04 20:08:02,942 | INFO | APPEND | movie=Avatar | review_id=rw2185158
2026-02-04 20:08:02,946 | INFO | APPEND | movie=Avatar | review_id=rw2178067
2026-02-04 20:08:02,950 | INFO | APPEND | movie=Avatar | review_id=rw4206573
2026-02-04 20:08:02,954 | INFO | APPEND | movie=Avatar | review_id=rw2233041
2026-02-04 20:08:02,958 | INFO | APPEND | movie=Avatar | review_id=rw2175387
2026-02-04 20:08:02,965 | INFO | APPEND | movie=Avatar | review_id=rw2177732
2026-02-04 20:08:02,968 | INFO | APPEND | movie=Avatar | review_id=rw2183092
2026-02-04 20:08:02,973 | INFO | APPEND | movie=Avatar | review_id=rw2193128
2026-02-04 20:08:02,977 | INFO | APPEND | movie=Avatar | review_id=rw2184946
2026-02-04 20:08:02,982 | INFO | APPEND | movie=Avatar | review_id=rw5339953
2026-02-04 20:08:02,988 | INFO | APPEND | movie=Avatar | review_id=rw2176997
2026-02-04 20:08:02,994 | INFO | APPEND | movie=Avatar | review_id=rw2293623
2026-02-04 20:08:02,997 | INFO | APPEND | movie=Avatar | review_id=rw2187087
2026-02-04 20:08:03,002 | INFO | APPEND | movie=Avatar | review_id=rw2175121
2026-02-04 20:08:03,006 | INFO | APPEND | movie=Avatar | review_id=rw2676964
2026-02-04 20:08:03,011 | INFO | APPEND | movie=Avatar | review_id=rw2182378
2026-02-04 20:08:03,014 | INFO | APPEND | movie=Avatar | review_id=rw2177252
2026-02-04 20:08:03,019 | INFO | APPEND | movie=Avatar | review_id=rw2176957
2026-02-04 20:08:03,023 | INFO | APPEND | movie=Avatar | review_id=rw2184539
2026-02-04 20:08:03,029 | INFO | APPEND | movie=Avatar | review_id=rw2181394
2026-02-04 20:08:03,033 | INFO | APPEND | movie=Avatar | review_id=rw2182877
2026-02-04 20:08:03,037 | INFO | APPEND | movie=Avatar | review_id=rw2174493
2026-02-04 20:08:04,039 | INFO | FETCH page=8 | movie=Avatar | after=g4w6tcrsqyxdo6ib66whrmzsqlumsaby2ind74pedpj3qfldnerkscksomrtag7shhq2nzjsn7zjd72sqpkunya
2026-02-04 20:08:06,739 | INFO | APPEND | movie=Avatar | review_id=rw2176925
2026-02-04 20:08:06,747 | INFO | APPEND | movie=Avatar | review_id=rw2207096
2026-02-04 20:08:06,756 | INFO | APPEND | movie=Avatar | review_id=rw2178153
2026-02-04 20:08:06,859 | INFO | APPEND | movie=Avatar | review_id=rw2178600
2026-02-04 20:08:06,984 | INFO | APPEND | movie=Avatar | review_id=rw2176718
2026-02-04 20:08:06,999 | INFO | APPEND | movie=Avatar | review_id=rw2181734
2026-02-04 20:08:07,006 | INFO | APPEND | movie=Avatar | review_id=rw2184226
2026-02-04 20:08:07,014 | INFO | APPEND | movie=Avatar | review_id=rw2183669
2026-02-04 20:08:07,019 | INFO | APPEND | movie=Avatar | review_id=rw2178545
2026-02-04 20:08:07,024 | INFO | APPEND | movie=Avatar | review_id=rw2185069
2026-02-04 20:08:07,031 | INFO | APPEND | movie=Avatar | review_id=rw2176436
2026-02-04 20:08:07,039 | INFO | APPEND | movie=Avatar | review_id=rw2206687
2026-02-04 20:08:07,043 | INFO | APPEND | movie=Avatar | review_id=rw2275475
2026-02-04 20:08:07,049 | INFO | APPEND | movie=Avatar | review_id=rw2176465
2026-02-04 20:08:07,054 | INFO | APPEND | movie=Avatar | review_id=rw2177752
2026-02-04 20:08:07,058 | INFO | APPEND | movie=Avatar | review_id=rw2175363
2026-02-04 20:08:07,066 | INFO | APPEND | movie=Avatar | review_id=rw2176022
2026-02-04 20:08:07,073 | INFO | APPEND | movie=Avatar | review_id=rw2495619
2026-02-04 20:08:07,080 | INFO | APPEND | movie=Avatar | review_id=rw2190998
2026-02-04 20:08:07,084 | INFO | APPEND | movie=Avatar | review_id=rw2250865
2026-02-04 20:08:07,091 | INFO | APPEND | movie=Avatar | review_id=rw2188072
2026-02-04 20:08:07,097 | INFO | APPEND | movie=Avatar | review_id=rw2184557
2026-02-04 20:08:07,102 | INFO | APPEND | movie=Avatar | review_id=rw2186273
2026-02-04 20:08:07,106 | INFO | APPEND | movie=Avatar | review_id=rw2186400
2026-02-04 20:08:07,113 | INFO | APPEND | movie=Avatar | review_id=rw2178334
2026-02-04 20:08:08,114 | INFO | FETCH page=9 | movie=Avatar | after=g4xobdrsqyxdo6ie7ktxvmjtqpum4bbs3emdx7xldpj3qfldnerkkdsyoqrtbrldjtuh5bal6nstptgrfdqs3yy
2026-02-04 20:08:10,434 | INFO | APPEND | movie=Avatar | review_id=rw2181830
2026-02-04 20:08:10,456 | INFO | APPEND | movie=Avatar | review_id=rw2178071
2026-02-04 20:08:10,459 | INFO | APPEND | movie=Avatar | review_id=rw2177720
2026-02-04 20:08:10,462 | INFO | APPEND | movie=Avatar | review_id=rw2178442
2026-02-04 20:08:10,465 | INFO | APPEND | movie=Avatar | review_id=rw2175479
2026-02-04 20:08:10,467 | INFO | APPEND | movie=Avatar | review_id=rw2260509
2026-02-04 20:08:10,470 | INFO | APPEND | movie=Avatar | review_id=rw2175482
2026-02-04 20:08:10,473 | INFO | APPEND | movie=Avatar | review_id=rw2175025
2026-02-04 20:08:10,549 | INFO | APPEND | movie=Avatar | review_id=rw2200263
2026-02-04 20:08:10,554 | INFO | APPEND | movie=Avatar | review_id=rw2182065
2026-02-04 20:08:10,558 | INFO | APPEND | movie=Avatar | review_id=rw2181503
2026-02-04 20:08:10,562 | INFO | APPEND | movie=Avatar | review_id=rw2183184
2026-02-04 20:08:10,565 | INFO | APPEND | movie=Avatar | review_id=rw2182299
2026-02-04 20:08:10,568 | INFO | APPEND | movie=Avatar | review_id=rw8697954
2026-02-04 20:08:10,571 | INFO | APPEND | movie=Avatar | review_id=rw2175380
2026-02-04 20:08:10,576 | INFO | APPEND | movie=Avatar | review_id=rw2191956
2026-02-04 20:08:10,580 | INFO | APPEND | movie=Avatar | review_id=rw2197736
2026-02-04 20:08:10,585 | INFO | APPEND | movie=Avatar | review_id=rw2182660
2026-02-04 20:08:10,588 | INFO | APPEND | movie=Avatar | review_id=rw2189066
2026-02-04 20:08:10,664 | INFO | APPEND | movie=Avatar | review_id=rw2177667
2026-02-04 20:08:10,669 | INFO | APPEND | movie=Avatar | review_id=rw2174907
2026-02-04 20:08:10,673 | INFO | APPEND | movie=Avatar | review_id=rw2177538
2026-02-04 20:08:10,676 | INFO | APPEND | movie=Avatar | review_id=rw2192280
2026-02-04 20:08:10,680 | INFO | APPEND | movie=Avatar | review_id=rw2301933
2026-02-04 20:08:10,682 | INFO | APPEND | movie=Avatar | review_id=rw8760983
2026-02-04 20:08:11,684 | INFO | FETCH page=10 | movie=Avatar | after=g4xofbjsqyxdo6ih7svh5mzrrpq4sbrz2iodv7xjdpj3qfljn4r22bctomrtbq7gw44cvhpy25omogsalj6q4ky
2026-02-04 20:08:13,844 | INFO | APPEND | movie=Avatar | review_id=rw2178710
2026-02-04 20:08:13,866 | INFO | APPEND | movie=Avatar | review_id=rw2632826
2026-02-04 20:08:13,872 | INFO | APPEND | movie=Avatar | review_id=rw2181662
2026-02-04 20:08:13,875 | INFO | APPEND | movie=Avatar | review_id=rw2329880
2026-02-04 20:08:13,879 | INFO | APPEND | movie=Avatar | review_id=rw3073347
2026-02-04 20:08:13,883 | INFO | APPEND | movie=Avatar | review_id=rw8554272
2026-02-04 20:08:13,887 | INFO | APPEND | movie=Avatar | review_id=rw7848477
2026-02-04 20:08:13,890 | INFO | APPEND | movie=Avatar | review_id=rw8059155
2026-02-04 20:08:13,895 | INFO | APPEND | movie=Avatar | review_id=rw7870404
2026-02-04 20:08:13,899 | INFO | APPEND | movie=Avatar | review_id=rw7071453
2026-02-04 20:08:13,903 | INFO | APPEND | movie=Avatar | review_id=rw2266363
2026-02-04 20:08:13,907 | INFO | APPEND | movie=Avatar | review_id=rw2175675
2026-02-04 20:08:13,911 | INFO | APPEND | movie=Avatar | review_id=rw2181429
2026-02-04 20:08:13,914 | INFO | APPEND | movie=Avatar | review_id=rw2177254
2026-02-04 20:08:13,917 | INFO | APPEND | movie=Avatar | review_id=rw2175344
2026-02-04 20:08:13,921 | INFO | APPEND | movie=Avatar | review_id=rw2175367
2026-02-04 20:08:13,927 | INFO | APPEND | movie=Avatar | review_id=rw2175210
2026-02-04 20:08:13,931 | INFO | APPEND | movie=Avatar | review_id=rw2221214
2026-02-04 20:08:13,936 | INFO | APPEND | movie=Avatar | review_id=rw2208117
2026-02-04 20:08:13,941 | INFO | APPEND | movie=Avatar | review_id=rw2183110
2026-02-04 20:08:13,944 | INFO | APPEND | movie=Avatar | review_id=rw2205439
2026-02-04 20:08:13,950 | INFO | APPEND | movie=Avatar | review_id=rw2180454
2026-02-04 20:08:13,954 | INFO | APPEND | movie=Avatar | review_id=rw2177579
2026-02-04 20:08:13,959 | INFO | APPEND | movie=Avatar | review_id=rw2177911
2026-02-04 20:08:13,964 | INFO | APPEND | movie=Avatar | review_id=rw2177112
2026-02-04 20:08:14,964 | INFO | FETCH page=11 | movie=Avatar | after=g4xopczsqyxdo6ig7wvx7ojsrdq46azy3ikdz7xfapo6qebgniskucs2oezu7wzo5pwypvtu7l4dgdlcwzvauke6
2026-02-04 20:08:17,211 | INFO | APPEND | movie=Avatar | review_id=rw2195087
2026-02-04 20:08:17,233 | INFO | APPEND | movie=Avatar | review_id=rw2186022
2026-02-04 20:08:17,241 | INFO | APPEND | movie=Avatar | review_id=rw2176323
2026-02-04 20:08:17,245 | INFO | APPEND | movie=Avatar | review_id=rw2176209
2026-02-04 20:08:17,249 | INFO | APPEND | movie=Avatar | review_id=rw2184793
2026-02-04 20:08:17,252 | INFO | APPEND | movie=Avatar | review_id=rw2183188
2026-02-04 20:08:17,256 | INFO | APPEND | movie=Avatar | review_id=rw2176325
2026-02-04 20:08:17,260 | INFO | APPEND | movie=Avatar | review_id=rw2183673
2026-02-04 20:08:17,265 | INFO | APPEND | movie=Avatar | review_id=rw2188182
2026-02-04 20:08:17,271 | INFO | APPEND | movie=Avatar | review_id=rw2177880
2026-02-04 20:08:17,275 | INFO | APPEND | movie=Avatar | review_id=rw2175232
2026-02-04 20:08:17,278 | INFO | APPEND | movie=Avatar | review_id=rw2184186
2026-02-04 20:08:17,281 | INFO | APPEND | movie=Avatar | review_id=rw2177719
2026-02-04 20:08:17,284 | INFO | APPEND | movie=Avatar | review_id=rw2176127
2026-02-04 20:08:17,289 | INFO | APPEND | movie=Avatar | review_id=rw2175176
2026-02-04 20:08:17,293 | INFO | APPEND | movie=Avatar | review_id=rw2192903
2026-02-04 20:08:17,297 | INFO | APPEND | movie=Avatar | review_id=rw2176279
2026-02-04 20:08:17,300 | INFO | APPEND | movie=Avatar | review_id=rw2177852
2026-02-04 20:08:17,303 | INFO | APPEND | movie=Avatar | review_id=rw2193500
2026-02-04 20:08:17,308 | INFO | APPEND | movie=Avatar | review_id=rw2175606
2026-02-04 20:08:17,310 | INFO | APPEND | movie=Avatar | review_id=rw8519203
2026-02-04 20:08:17,313 | INFO | APPEND | movie=Avatar | review_id=rw2175456
2026-02-04 20:08:17,315 | INFO | APPEND | movie=Avatar | review_id=rw2192177
2026-02-04 20:08:17,317 | INFO | APPEND | movie=Avatar | review_id=rw2175342
2026-02-04 20:08:17,324 | INFO | APPEND | movie=Avatar | review_id=rw2175938
2026-02-04 20:08:18,326 | INFO | FETCH page=12 | movie=Avatar | after=g4xorcrsqyxdo6ig7kwx5mbxqpumoazz2iptz6xmato6qebgniskuccsom4u7w45r36kajpc4mkqwnftoidid52d
2026-02-04 20:08:20,574 | INFO | APPEND | movie=Avatar | review_id=rw3565512
2026-02-04 20:08:20,578 | INFO | APPEND | movie=Avatar | review_id=rw2336789
2026-02-04 20:08:20,583 | INFO | APPEND | movie=Avatar | review_id=rw2275213
2026-02-04 20:08:20,591 | INFO | APPEND | movie=Avatar | review_id=rw2190893
2026-02-04 20:08:20,595 | INFO | APPEND | movie=Avatar | review_id=rw2182445
2026-02-04 20:08:20,601 | INFO | APPEND | movie=Avatar | review_id=rw8672607
2026-02-04 20:08:20,608 | INFO | APPEND | movie=Avatar | review_id=rw2183192
2026-02-04 20:08:20,612 | INFO | APPEND | movie=Avatar | review_id=rw2176773
2026-02-04 20:08:20,618 | INFO | APPEND | movie=Avatar | review_id=rw2194379
2026-02-04 20:08:20,623 | INFO | APPEND | movie=Avatar | review_id=rw2188659
2026-02-04 20:08:20,629 | INFO | APPEND | movie=Avatar | review_id=rw2259692
2026-02-04 20:08:20,634 | INFO | APPEND | movie=Avatar | review_id=rw2192143
2026-02-04 20:08:20,639 | INFO | APPEND | movie=Avatar | review_id=rw2700915
2026-02-04 20:08:20,644 | INFO | APPEND | movie=Avatar | review_id=rw2214547
2026-02-04 20:08:20,648 | INFO | APPEND | movie=Avatar | review_id=rw2183450
2026-02-04 20:08:20,653 | INFO | APPEND | movie=Avatar | review_id=rw2175611
2026-02-04 20:08:20,660 | INFO | APPEND | movie=Avatar | review_id=rw2176663
2026-02-04 20:08:20,666 | INFO | APPEND | movie=Avatar | review_id=rw2277161
2026-02-04 20:08:20,668 | INFO | APPEND | movie=Avatar | review_id=rw2184799
2026-02-04 20:08:20,675 | INFO | APPEND | movie=Avatar | review_id=rw2177235
2026-02-04 20:08:20,691 | INFO | APPEND | movie=Avatar | review_id=rw2187978
2026-02-04 20:08:20,698 | INFO | APPEND | movie=Avatar | review_id=rw2179268
2026-02-04 20:08:20,717 | INFO | APPEND | movie=Avatar | review_id=rw2336646
2026-02-04 20:08:20,730 | INFO | APPEND | movie=Avatar | review_id=rw2276932
2026-02-04 20:08:20,777 | INFO | APPEND | movie=Avatar | review_id=rw5271759
2026-02-04 20:08:21,785 | INFO | FETCH page=13 | movie=Avatar | after=g4x6hdrsqyxdo6ie7wwh3nbrr3r4scb53emdt4ppdpj3qflenirkycs6pertbrfhyvzyivuduy6thw7mq4yio7a
2026-02-04 20:08:23,155 | INFO | APPEND | movie=Avatar | review_id=rw8733127
2026-02-04 20:08:23,162 | INFO | APPEND | movie=Avatar | review_id=rw4994524
2026-02-04 20:08:23,179 | INFO | APPEND | movie=Avatar | review_id=rw8742310
2026-02-04 20:08:23,184 | INFO | APPEND | movie=Avatar | review_id=rw2473805
2026-02-04 20:08:23,188 | INFO | APPEND | movie=Avatar | review_id=rw2252675
2026-02-04 20:08:23,193 | INFO | APPEND | movie=Avatar | review_id=rw4089351
2026-02-04 20:08:23,198 | INFO | APPEND | movie=Avatar | review_id=rw2192278
2026-02-04 20:08:23,204 | INFO | APPEND | movie=Avatar | review_id=rw2178007
2026-02-04 20:08:23,240 | INFO | APPEND | movie=Avatar | review_id=rw2223181
2026-02-04 20:08:23,254 | INFO | APPEND | movie=Avatar | review_id=rw5348632
2026-02-04 20:08:23,267 | INFO | APPEND | movie=Avatar | review_id=rw8735886
2026-02-04 20:08:23,279 | INFO | APPEND | movie=Avatar | review_id=rw8742188
2026-02-04 20:08:23,291 | INFO | APPEND | movie=Avatar | review_id=rw5949875
2026-02-04 20:08:23,305 | INFO | APPEND | movie=Avatar | review_id=rw2474896
2026-02-04 20:08:23,313 | INFO | APPEND | movie=Avatar | review_id=rw2175559
2026-02-04 20:08:23,391 | INFO | APPEND | movie=Avatar | review_id=rw5678364
2026-02-04 20:08:23,395 | INFO | APPEND | movie=Avatar | review_id=rw7977480
2026-02-04 20:08:23,398 | INFO | APPEND | movie=Avatar | review_id=rw6088193
2026-02-04 20:08:23,402 | INFO | APPEND | movie=Avatar | review_id=rw2181514
2026-02-04 20:08:23,409 | INFO | APPEND | movie=Avatar | review_id=rw8749677
2026-02-04 20:08:23,414 | INFO | APPEND | movie=Avatar | review_id=rw2179832
2026-02-04 20:08:23,418 | INFO | APPEND | movie=Avatar | review_id=rw2182562
2026-02-04 20:08:23,454 | INFO | APPEND | movie=Avatar | review_id=rw3675832
2026-02-04 20:08:23,481 | INFO | APPEND | movie=Avatar | review_id=rw8470692
2026-02-04 20:08:23,523 | INFO | APPEND | movie=Avatar | review_id=rw2181500
2026-02-04 20:08:24,524 | INFO | FETCH page=14 | movie=Avatar | after=g4x6jdbsqyxdo6ie72thtnjsrpummcj73yodv6xedpj3qfldnew2ycc3oartbeh4jixbqaqera5ezom5iortfla
2026-02-04 20:08:26,686 | INFO | APPEND | movie=Avatar | review_id=rw2176196
2026-02-04 20:08:26,692 | INFO | APPEND | movie=Avatar | review_id=rw2182047
2026-02-04 20:08:26,697 | INFO | APPEND | movie=Avatar | review_id=rw2427240
2026-02-04 20:08:26,726 | INFO | APPEND | movie=Avatar | review_id=rw2212734
2026-02-04 20:08:26,731 | INFO | APPEND | movie=Avatar | review_id=rw2182493
2026-02-04 20:08:26,736 | INFO | APPEND | movie=Avatar | review_id=rw2178505
2026-02-04 20:08:26,743 | INFO | APPEND | movie=Avatar | review_id=rw5902764
2026-02-04 20:08:26,749 | INFO | APPEND | movie=Avatar | review_id=rw2248437
2026-02-04 20:08:26,753 | INFO | APPEND | movie=Avatar | review_id=rw2199417
2026-02-04 20:08:26,759 | INFO | APPEND | movie=Avatar | review_id=rw7686209
2026-02-04 20:08:26,765 | INFO | APPEND | movie=Avatar | review_id=rw2209154
2026-02-04 20:08:26,769 | INFO | APPEND | movie=Avatar | review_id=rw8742581
2026-02-04 20:08:26,849 | INFO | APPEND | movie=Avatar | review_id=rw6350114
2026-02-04 20:08:26,865 | INFO | APPEND | movie=Avatar | review_id=rw2201497
2026-02-04 20:08:26,878 | INFO | APPEND | movie=Avatar | review_id=rw7678852
2026-02-04 20:08:26,882 | INFO | APPEND | movie=Avatar | review_id=rw6059086
2026-02-04 20:08:26,891 | INFO | APPEND | movie=Avatar | review_id=rw2183075
2026-02-04 20:08:26,924 | INFO | APPEND | movie=Avatar | review_id=rw2176867
2026-02-04 20:08:26,935 | INFO | APPEND | movie=Avatar | review_id=rw2473646
2026-02-04 20:08:26,947 | INFO | APPEND | movie=Avatar | review_id=rw7055399
2026-02-04 20:08:26,963 | INFO | APPEND | movie=Avatar | review_id=rw2177927
2026-02-04 20:08:26,974 | INFO | APPEND | movie=Avatar | review_id=rw2202112
2026-02-04 20:08:26,980 | INFO | APPEND | movie=Avatar | review_id=rw2176919
2026-02-04 20:08:26,985 | INFO | APPEND | movie=Avatar | review_id=rw2192516
2026-02-04 20:08:27,038 | INFO | APPEND | movie=Avatar | review_id=rw5913673
2026-02-04 20:08:28,040 | INFO | FETCH page=15 | movie=Avatar | after=g4x6ncrsqyxdo6ie7cvhtmzrr7q4mcjz3ukdx77kdpj3qflemesk4c24omrtacr5mpd3psleld25zoiansmwr4q
2026-02-04 20:08:29,484 | INFO | APPEND | movie=Avatar | review_id=rw2179469
2026-02-04 20:08:29,488 | INFO | APPEND | movie=Avatar | review_id=rw2176335
2026-02-04 20:08:29,491 | INFO | APPEND | movie=Avatar | review_id=rw2175327
2026-02-04 20:08:29,496 | INFO | APPEND | movie=Avatar | review_id=rw2177674
2026-02-04 20:08:29,501 | INFO | APPEND | movie=Avatar | review_id=rw4595959
2026-02-04 20:08:29,507 | INFO | APPEND | movie=Avatar | review_id=rw2741610
2026-02-04 20:08:29,514 | INFO | APPEND | movie=Avatar | review_id=rw2191862
2026-02-04 20:08:29,519 | INFO | APPEND | movie=Avatar | review_id=rw2229698
2026-02-04 20:08:29,544 | INFO | APPEND | movie=Avatar | review_id=rw2177950
2026-02-04 20:08:29,566 | INFO | APPEND | movie=Avatar | review_id=rw8470895
2026-02-04 20:08:29,581 | INFO | APPEND | movie=Avatar | review_id=rw2417461
2026-02-04 20:08:29,586 | INFO | APPEND | movie=Avatar | review_id=rw2181007
2026-02-04 20:08:29,593 | INFO | APPEND | movie=Avatar | review_id=rw2176458
2026-02-04 20:08:29,599 | INFO | APPEND | movie=Avatar | review_id=rw2181108
2026-02-04 20:08:29,603 | INFO | APPEND | movie=Avatar | review_id=rw2181543
2026-02-04 20:08:29,608 | INFO | APPEND | movie=Avatar | review_id=rw3493770
2026-02-04 20:08:29,614 | INFO | APPEND | movie=Avatar | review_id=rw2400498
2026-02-04 20:08:29,620 | INFO | APPEND | movie=Avatar | review_id=rw2196858
2026-02-04 20:08:29,626 | INFO | APPEND | movie=Avatar | review_id=rw2210288
2026-02-04 20:08:29,630 | INFO | APPEND | movie=Avatar | review_id=rw2180015
2026-02-04 20:08:29,693 | INFO | APPEND | movie=Avatar | review_id=rw2200499
2026-02-04 20:08:29,696 | INFO | APPEND | movie=Avatar | review_id=rw3502142
2026-02-04 20:08:29,699 | INFO | APPEND | movie=Avatar | review_id=rw2176802
2026-02-04 20:08:29,704 | INFO | APPEND | movie=Avatar | review_id=rw2192751
2026-02-04 20:08:29,708 | INFO | APPEND | movie=Avatar | review_id=rw2176581
2026-02-04 20:08:30,708 | INFO | FETCH page=16 | movie=Avatar | after=g4uoddjsqyxdo6ie76uxvojtrdumoart3ymtx4hldpj3qfldnerkwcctoerta55go5tnlj4776pdhghozfagroy
2026-02-04 20:08:33,117 | INFO | APPEND | movie=Avatar | review_id=rw2181205
2026-02-04 20:08:33,123 | INFO | APPEND | movie=Avatar | review_id=rw2184079
2026-02-04 20:08:33,128 | INFO | APPEND | movie=Avatar | review_id=rw2192830
2026-02-04 20:08:33,134 | INFO | APPEND | movie=Avatar | review_id=rw2194107
2026-02-04 20:08:33,141 | INFO | APPEND | movie=Avatar | review_id=rw2186600
2026-02-04 20:08:33,148 | INFO | APPEND | movie=Avatar | review_id=rw2174651
2026-02-04 20:08:33,170 | INFO | APPEND | movie=Avatar | review_id=rw2188029
2026-02-04 20:08:33,176 | INFO | APPEND | movie=Avatar | review_id=rw2315111
2026-02-04 20:08:33,180 | INFO | APPEND | movie=Avatar | review_id=rw2183998
2026-02-04 20:08:33,185 | INFO | APPEND | movie=Avatar | review_id=rw2184239
2026-02-04 20:08:33,261 | INFO | APPEND | movie=Avatar | review_id=rw2183100
2026-02-04 20:08:33,267 | INFO | APPEND | movie=Avatar | review_id=rw2185494
2026-02-04 20:08:33,274 | INFO | APPEND | movie=Avatar | review_id=rw2456544
2026-02-04 20:08:33,279 | INFO | APPEND | movie=Avatar | review_id=rw2200089
2026-02-04 20:08:33,284 | INFO | APPEND | movie=Avatar | review_id=rw2182010
2026-02-04 20:08:33,290 | INFO | APPEND | movie=Avatar | review_id=rw2185242
2026-02-04 20:08:33,295 | INFO | APPEND | movie=Avatar | review_id=rw2181524
2026-02-04 20:08:33,334 | INFO | APPEND | movie=Avatar | review_id=rw2382973
2026-02-04 20:08:33,343 | INFO | APPEND | movie=Avatar | review_id=rw2201633
2026-02-04 20:08:33,352 | INFO | APPEND | movie=Avatar | review_id=rw2193874
2026-02-04 20:08:33,357 | INFO | APPEND | movie=Avatar | review_id=rw2183227
2026-02-04 20:08:33,361 | INFO | APPEND | movie=Avatar | review_id=rw2184089
2026-02-04 20:08:33,386 | INFO | APPEND | movie=Avatar | review_id=rw2181799
2026-02-04 20:08:33,406 | INFO | APPEND | movie=Avatar | review_id=rw2178311
2026-02-04 20:08:33,420 | INFO | APPEND | movie=Avatar | review_id=rw2191608
2026-02-04 20:08:34,420 | INFO | FETCH page=17 | movie=Avatar | after=g4uohcrsqyxdo6ib72tx7mbwrltmubb33apdv77ldpj3qfldnewkyc23partbxzktkeobxxej4wadnr5mwrwlxq
2026-02-04 20:08:36,689 | INFO | APPEND | movie=Avatar | review_id=rw2189827
2026-02-04 20:08:36,693 | INFO | APPEND | movie=Avatar | review_id=rw8677537
2026-02-04 20:08:36,695 | INFO | APPEND | movie=Avatar | review_id=rw2189907
2026-02-04 20:08:36,698 | INFO | APPEND | movie=Avatar | review_id=rw2192221
2026-02-04 20:08:36,701 | INFO | APPEND | movie=Avatar | review_id=rw2379314
2026-02-04 20:08:36,703 | INFO | APPEND | movie=Avatar | review_id=rw2176782
2026-02-04 20:08:36,707 | INFO | APPEND | movie=Avatar | review_id=rw2176858
2026-02-04 20:08:36,711 | INFO | APPEND | movie=Avatar | review_id=rw2185319
2026-02-04 20:08:36,715 | INFO | APPEND | movie=Avatar | review_id=rw2184924
2026-02-04 20:08:36,717 | INFO | APPEND | movie=Avatar | review_id=rw2188821
2026-02-04 20:08:36,720 | INFO | APPEND | movie=Avatar | review_id=rw2188463
2026-02-04 20:08:36,723 | INFO | APPEND | movie=Avatar | review_id=rw2188259
2026-02-04 20:08:36,727 | INFO | APPEND | movie=Avatar | review_id=rw2712690
2026-02-04 20:08:36,731 | INFO | APPEND | movie=Avatar | review_id=rw2193002
2026-02-04 20:08:36,733 | INFO | APPEND | movie=Avatar | review_id=rw2179690
2026-02-04 20:08:36,736 | INFO | APPEND | movie=Avatar | review_id=rw2205809
2026-02-04 20:08:36,739 | INFO | APPEND | movie=Avatar | review_id=rw2177107
2026-02-04 20:08:36,743 | INFO | APPEND | movie=Avatar | review_id=rw2183377
2026-02-04 20:08:36,746 | INFO | APPEND | movie=Avatar | review_id=rw2177826
2026-02-04 20:08:36,749 | INFO | APPEND | movie=Avatar | review_id=rw2182209
2026-02-04 20:08:36,752 | INFO | APPEND | movie=Avatar | review_id=rw2394991
2026-02-04 20:08:36,756 | INFO | APPEND | movie=Avatar | review_id=rw2179366
2026-02-04 20:08:36,761 | INFO | APPEND | movie=Avatar | review_id=rw2176304
2026-02-04 20:08:36,763 | INFO | APPEND | movie=Avatar | review_id=rw2186671
2026-02-04 20:08:36,767 | INFO | APPEND | movie=Avatar | review_id=rw5018963
2026-02-04 20:08:37,768 | INFO | FETCH page=18 | movie=Avatar | after=g4uojdjsqyxdo6ie72xh3mbsrdrmwcjy3qot56pfdpj3qflenaskkbc5omrtal4aghwvng2ubo73qwluvhxjh5y
2026-02-04 20:08:40,405 | INFO | APPEND | movie=Avatar | review_id=rw5818081
2026-02-04 20:08:40,446 | INFO | APPEND | movie=Avatar | review_id=rw2203070
2026-02-04 20:08:40,515 | INFO | APPEND | movie=Avatar | review_id=rw7872814
2026-02-04 20:08:40,603 | INFO | APPEND | movie=Avatar | review_id=rw2188681
2026-02-04 20:08:40,654 | INFO | APPEND | movie=Avatar | review_id=rw2182308
2026-02-04 20:08:40,750 | INFO | APPEND | movie=Avatar | review_id=rw2179938
2026-02-04 20:08:40,821 | INFO | APPEND | movie=Avatar | review_id=rw6393395
2026-02-04 20:08:40,860 | INFO | APPEND | movie=Avatar | review_id=rw2188212
2026-02-04 20:08:40,862 | INFO | APPEND | movie=Avatar | review_id=rw2254076
2026-02-04 20:08:40,889 | INFO | APPEND | movie=Avatar | review_id=rw2188142
2026-02-04 20:08:40,902 | INFO | APPEND | movie=Avatar | review_id=rw2328223
2026-02-04 20:08:40,907 | INFO | APPEND | movie=Avatar | review_id=rw2205378
2026-02-04 20:08:40,912 | INFO | APPEND | movie=Avatar | review_id=rw2177767
2026-02-04 20:08:40,915 | INFO | APPEND | movie=Avatar | review_id=rw2178084
2026-02-04 20:08:40,918 | INFO | APPEND | movie=Avatar | review_id=rw2175553
2026-02-04 20:08:40,923 | INFO | APPEND | movie=Avatar | review_id=rw2180024
2026-02-04 20:08:40,927 | INFO | APPEND | movie=Avatar | review_id=rw2177990
2026-02-04 20:08:40,932 | INFO | APPEND | movie=Avatar | review_id=rw2314712
2026-02-04 20:08:40,935 | INFO | APPEND | movie=Avatar | review_id=rw5629417
2026-02-04 20:08:40,939 | INFO | APPEND | movie=Avatar | review_id=rw2180331
2026-02-04 20:08:40,943 | INFO | APPEND | movie=Avatar | review_id=rw2350403
2026-02-04 20:08:40,947 | INFO | APPEND | movie=Avatar | review_id=rw2330617
2026-02-04 20:08:40,950 | INFO | APPEND | movie=Avatar | review_id=rw5481044
2026-02-04 20:08:40,955 | INFO | APPEND | movie=Avatar | review_id=rw2183519
2026-02-04 20:08:40,959 | INFO | APPEND | movie=Avatar | review_id=rw2193985
2026-02-04 20:08:41,960 | INFO | FETCH page=19 | movie=Avatar | after=g4uonbbsqyxdo6ih72xxhnjyrpq4yab52mntd7xodpj3qfldnewk4bctourtbtymkzw3vdcyntxcwzldfkwpi5y
2026-02-04 20:08:43,508 | INFO | APPEND | movie=Avatar | review_id=rw2177849
2026-02-04 20:08:43,515 | INFO | APPEND | movie=Avatar | review_id=rw2177410
2026-02-04 20:08:43,530 | INFO | APPEND | movie=Avatar | review_id=rw3036578
2026-02-04 20:08:43,533 | INFO | APPEND | movie=Avatar | review_id=rw2182341
2026-02-04 20:08:43,537 | INFO | APPEND | movie=Avatar | review_id=rw2349874
2026-02-04 20:08:43,543 | INFO | APPEND | movie=Avatar | review_id=rw5027366
2026-02-04 20:08:43,547 | INFO | APPEND | movie=Avatar | review_id=rw2612819
2026-02-04 20:08:43,550 | INFO | APPEND | movie=Avatar | review_id=rw2181419
2026-02-04 20:08:43,552 | INFO | APPEND | movie=Avatar | review_id=rw2187277
2026-02-04 20:08:43,555 | INFO | APPEND | movie=Avatar | review_id=rw2179943
2026-02-04 20:08:43,558 | INFO | APPEND | movie=Avatar | review_id=rw5680660
2026-02-04 20:08:43,561 | INFO | APPEND | movie=Avatar | review_id=rw2182726
2026-02-04 20:08:43,566 | INFO | APPEND | movie=Avatar | review_id=rw3489278
2026-02-04 20:08:43,569 | INFO | APPEND | movie=Avatar | review_id=rw2187326
2026-02-04 20:08:43,573 | INFO | APPEND | movie=Avatar | review_id=rw8610012
2026-02-04 20:08:43,575 | INFO | APPEND | movie=Avatar | review_id=rw2175263
2026-02-04 20:08:43,577 | INFO | APPEND | movie=Avatar | review_id=rw2455278
2026-02-04 20:08:43,579 | INFO | APPEND | movie=Avatar | review_id=rw2366262
2026-02-04 20:08:43,582 | INFO | APPEND | movie=Avatar | review_id=rw2195636
2026-02-04 20:08:43,584 | INFO | APPEND | movie=Avatar | review_id=rw2180102
2026-02-04 20:08:43,587 | INFO | APPEND | movie=Avatar | review_id=rw2186634
2026-02-04 20:08:43,590 | INFO | APPEND | movie=Avatar | review_id=rw2181201
2026-02-04 20:08:43,594 | INFO | APPEND | movie=Avatar | review_id=rw2313834
2026-02-04 20:08:43,598 | INFO | APPEND | movie=Avatar | review_id=rw2314863
2026-02-04 20:08:43,604 | INFO | APPEND | movie=Avatar | review_id=rw2181016
2026-02-04 20:08:44,605 | INFO | FETCH page=20 | movie=Avatar | after=g4u6dcbsqyxdo6ig76txvojwrhrm6cb53qmdz7xfalo6qebgniskkdc3oe3u7wztmv3g2ktaqmbtimlrwn43f7gc
2026-02-04 20:08:46,907 | INFO | APPEND | movie=Avatar | review_id=rw2593569
2026-02-04 20:08:46,933 | INFO | APPEND | movie=Avatar | review_id=rw2182398
2026-02-04 20:08:46,940 | INFO | APPEND | movie=Avatar | review_id=rw2202982
2026-02-04 20:08:46,945 | INFO | APPEND | movie=Avatar | review_id=rw2182408
2026-02-04 20:08:46,949 | INFO | APPEND | movie=Avatar | review_id=rw2181142
2026-02-04 20:08:46,952 | INFO | APPEND | movie=Avatar | review_id=rw2178110
2026-02-04 20:08:46,957 | INFO | APPEND | movie=Avatar | review_id=rw2182848
2026-02-04 20:08:46,962 | INFO | APPEND | movie=Avatar | review_id=rw2498904
2026-02-04 20:08:46,966 | INFO | APPEND | movie=Avatar | review_id=rw3810370
2026-02-04 20:08:46,970 | INFO | APPEND | movie=Avatar | review_id=rw2185724
2026-02-04 20:08:47,005 | INFO | APPEND | movie=Avatar | review_id=rw5809225
2026-02-04 20:08:47,102 | INFO | APPEND | movie=Avatar | review_id=rw2178361
2026-02-04 20:08:47,134 | INFO | APPEND | movie=Avatar | review_id=rw5490931
2026-02-04 20:08:47,191 | INFO | APPEND | movie=Avatar | review_id=rw2274127
2026-02-04 20:08:47,252 | INFO | APPEND | movie=Avatar | review_id=rw2250473
2026-02-04 20:08:47,313 | INFO | APPEND | movie=Avatar | review_id=rw5030029
2026-02-04 20:08:47,351 | INFO | APPEND | movie=Avatar | review_id=rw7347987
2026-02-04 20:08:47,411 | INFO | APPEND | movie=Avatar | review_id=rw7627766
2026-02-04 20:08:47,468 | INFO | APPEND | movie=Avatar | review_id=rw2183152
2026-02-04 20:08:47,511 | INFO | APPEND | movie=Avatar | review_id=rw8696508
2026-02-04 20:08:47,604 | INFO | APPEND | movie=Avatar | review_id=rw2184649
2026-02-04 20:08:47,650 | INFO | APPEND | movie=Avatar | review_id=rw2602321
2026-02-04 20:08:47,675 | INFO | APPEND | movie=Avatar | review_id=rw2182359
2026-02-04 20:08:47,748 | INFO | APPEND | movie=Avatar | review_id=rw9164706
2026-02-04 20:08:47,817 | INFO | APPEND | movie=Avatar | review_id=rw2297075
2026-02-04 20:08:48,818 | INFO | FETCH page=21 | movie=Avatar | after=g4u6fdbsqyxdo6ih76vxznjtr7qmmbj23mkd377odpj3qfldniwkudk4ourtbw3a5gp3w7bebwl3apuprrqgczy
2026-02-04 20:08:51,157 | INFO | APPEND | movie=Avatar | review_id=rw2181944
2026-02-04 20:08:51,161 | INFO | APPEND | movie=Avatar | review_id=rw2181773
2026-02-04 20:08:51,163 | INFO | APPEND | movie=Avatar | review_id=rw2179989
2026-02-04 20:08:51,166 | INFO | APPEND | movie=Avatar | review_id=rw2184501
2026-02-04 20:08:51,171 | INFO | APPEND | movie=Avatar | review_id=rw2187787
2026-02-04 20:08:51,174 | INFO | APPEND | movie=Avatar | review_id=rw8848360
2026-02-04 20:08:51,177 | INFO | APPEND | movie=Avatar | review_id=rw2185994
2026-02-04 20:08:51,180 | INFO | APPEND | movie=Avatar | review_id=rw6657644
2026-02-04 20:08:51,183 | INFO | APPEND | movie=Avatar | review_id=rw2330831
2026-02-04 20:08:51,185 | INFO | APPEND | movie=Avatar | review_id=rw2178169
2026-02-04 20:08:51,189 | INFO | APPEND | movie=Avatar | review_id=rw2179993
2026-02-04 20:08:51,194 | INFO | APPEND | movie=Avatar | review_id=rw2175127
2026-02-04 20:08:51,196 | INFO | APPEND | movie=Avatar | review_id=rw2178243
2026-02-04 20:08:51,200 | INFO | APPEND | movie=Avatar | review_id=rw2178215
2026-02-04 20:08:51,203 | INFO | APPEND | movie=Avatar | review_id=rw2561496
2026-02-04 20:08:51,206 | INFO | APPEND | movie=Avatar | review_id=rw2179308
2026-02-04 20:08:51,210 | INFO | APPEND | movie=Avatar | review_id=rw2177340
2026-02-04 20:08:51,213 | INFO | APPEND | movie=Avatar | review_id=rw9371618
2026-02-04 20:08:51,216 | INFO | APPEND | movie=Avatar | review_id=rw2178397
2026-02-04 20:08:51,218 | INFO | APPEND | movie=Avatar | review_id=rw2176103
2026-02-04 20:08:51,222 | INFO | APPEND | movie=Avatar | review_id=rw2177231
2026-02-04 20:08:51,226 | INFO | APPEND | movie=Avatar | review_id=rw2184635
2026-02-04 20:08:51,229 | INFO | APPEND | movie=Avatar | review_id=rw2175769
2026-02-04 20:08:51,231 | INFO | APPEND | movie=Avatar | review_id=rw7554186
2026-02-04 20:08:51,233 | INFO | APPEND | movie=Avatar | review_id=rw2185114
2026-02-04 20:08:52,234 | INFO | FETCH page=22 | movie=Avatar | after=g4u6jbjsqyxdo6ig76whznzrrds44cb43qot74hodpj3qfldnew2qdc2oqrtbvsppdze4sglkymlmqqiyfrp6sq
2026-02-04 20:08:54,437 | INFO | APPEND | movie=Avatar | review_id=rw10841180
2026-02-04 20:08:54,442 | INFO | APPEND | movie=Avatar | review_id=rw8661435
2026-02-04 20:08:54,449 | INFO | APPEND | movie=Avatar | review_id=rw2297622
2026-02-04 20:08:54,462 | INFO | APPEND | movie=Avatar | review_id=rw2321447
2026-02-04 20:08:54,466 | INFO | APPEND | movie=Avatar | review_id=rw2190481
2026-02-04 20:08:54,471 | INFO | APPEND | movie=Avatar | review_id=rw2181896
2026-02-04 20:08:54,476 | INFO | APPEND | movie=Avatar | review_id=rw2240924
2026-02-04 20:08:54,479 | INFO | APPEND | movie=Avatar | review_id=rw2186031
2026-02-04 20:08:54,503 | INFO | APPEND | movie=Avatar | review_id=rw2179143
2026-02-04 20:08:54,523 | INFO | APPEND | movie=Avatar | review_id=rw2177135
2026-02-04 20:08:54,552 | INFO | APPEND | movie=Avatar | review_id=rw2203887
2026-02-04 20:08:54,637 | INFO | APPEND | movie=Avatar | review_id=rw2197659
2026-02-04 20:08:54,674 | INFO | APPEND | movie=Avatar | review_id=rw2270806
2026-02-04 20:08:54,691 | INFO | APPEND | movie=Avatar | review_id=rw2345054
2026-02-04 20:08:54,709 | INFO | APPEND | movie=Avatar | review_id=rw8567640
2026-02-04 20:08:54,736 | INFO | APPEND | movie=Avatar | review_id=rw7619991
2026-02-04 20:08:54,741 | INFO | APPEND | movie=Avatar | review_id=rw2198362
2026-02-04 20:08:54,745 | INFO | APPEND | movie=Avatar | review_id=rw2192333
2026-02-04 20:08:54,749 | INFO | APPEND | movie=Avatar | review_id=rw2178863
2026-02-04 20:08:54,753 | INFO | APPEND | movie=Avatar | review_id=rw9112908
2026-02-04 20:08:54,758 | INFO | APPEND | movie=Avatar | review_id=rw2178860
2026-02-04 20:08:54,762 | INFO | APPEND | movie=Avatar | review_id=rw8763322
2026-02-04 20:08:54,765 | INFO | APPEND | movie=Avatar | review_id=rw2178748
2026-02-04 20:08:54,767 | INFO | APPEND | movie=Avatar | review_id=rw4594836
2026-02-04 20:08:54,770 | INFO | APPEND | movie=Avatar | review_id=rw9489760
2026-02-04 20:08:55,797 | INFO | FETCH page=23 | movie=Avatar | after=g4u6tcjsqyxdo6ie7sthrojzrdumqbb53qktd77qcwb32w3fmawkuc23mjompakbjhkcmwqfgnzp7cvjctrba
2026-02-04 20:08:57,997 | INFO | APPEND | movie=Avatar | review_id=rw2181741
2026-02-04 20:08:58,000 | INFO | APPEND | movie=Avatar | review_id=rw2178059
2026-02-04 20:08:58,002 | INFO | APPEND | movie=Avatar | review_id=rw2195096
2026-02-04 20:08:58,005 | INFO | APPEND | movie=Avatar | review_id=rw2177143
2026-02-04 20:08:58,008 | INFO | APPEND | movie=Avatar | review_id=rw2490332
2026-02-04 20:08:58,011 | INFO | APPEND | movie=Avatar | review_id=rw4181950
2026-02-04 20:08:58,014 | INFO | APPEND | movie=Avatar | review_id=rw2184650
2026-02-04 20:08:58,017 | INFO | APPEND | movie=Avatar | review_id=rw2181573
2026-02-04 20:08:58,020 | INFO | APPEND | movie=Avatar | review_id=rw2177065
2026-02-04 20:08:58,023 | INFO | APPEND | movie=Avatar | review_id=rw2178647
2026-02-04 20:08:58,028 | INFO | APPEND | movie=Avatar | review_id=rw9657430
2026-02-04 20:08:58,030 | INFO | APPEND | movie=Avatar | review_id=rw2177226
2026-02-04 20:08:58,033 | INFO | APPEND | movie=Avatar | review_id=rw2177668
2026-02-04 20:08:58,035 | INFO | APPEND | movie=Avatar | review_id=rw2177318
2026-02-04 20:08:58,040 | INFO | APPEND | movie=Avatar | review_id=rw2184161
2026-02-04 20:08:58,043 | INFO | APPEND | movie=Avatar | review_id=rw2442709
2026-02-04 20:08:58,048 | INFO | APPEND | movie=Avatar | review_id=rw2177873
2026-02-04 20:08:58,051 | INFO | APPEND | movie=Avatar | review_id=rw2177611
2026-02-04 20:08:58,053 | INFO | APPEND | movie=Avatar | review_id=rw2183977
2026-02-04 20:08:58,057 | INFO | APPEND | movie=Avatar | review_id=rw2180938
2026-02-04 20:08:58,060 | INFO | APPEND | movie=Avatar | review_id=rw2181572
2026-02-04 20:08:58,063 | INFO | APPEND | movie=Avatar | review_id=rw2266228
2026-02-04 20:08:58,065 | INFO | APPEND | movie=Avatar | review_id=rw2177004
2026-02-04 20:08:58,067 | INFO | APPEND | movie=Avatar | review_id=rw2182574
2026-02-04 20:08:58,070 | INFO | APPEND | movie=Avatar | review_id=rw2183606
2026-02-04 20:08:59,072 | INFO | FETCH page=24 | movie=Avatar | after=g4vobdbsqyxdo6ib66th5obyr7rmucj42ipdd4pjado6qebgniskkds5oa3u7w57rbwzsheipo42ldzwt6m57fcq
2026-02-04 20:09:00,511 | INFO | APPEND | movie=Avatar | review_id=rw8521150
2026-02-04 20:09:00,516 | INFO | APPEND | movie=Avatar | review_id=rw2182328
2026-02-04 20:09:00,519 | INFO | APPEND | movie=Avatar | review_id=rw2180544
2026-02-04 20:09:00,522 | INFO | APPEND | movie=Avatar | review_id=rw2187089
2026-02-04 20:09:00,527 | INFO | APPEND | movie=Avatar | review_id=rw2196030
2026-02-04 20:09:00,532 | INFO | APPEND | movie=Avatar | review_id=rw2177857
2026-02-04 20:09:00,534 | INFO | APPEND | movie=Avatar | review_id=rw2317930
2026-02-04 20:09:00,537 | INFO | APPEND | movie=Avatar | review_id=rw2194100
2026-02-04 20:09:00,541 | INFO | APPEND | movie=Avatar | review_id=rw2193933
2026-02-04 20:09:00,545 | INFO | APPEND | movie=Avatar | review_id=rw3544275
2026-02-04 20:09:00,547 | INFO | APPEND | movie=Avatar | review_id=rw3624011
2026-02-04 20:09:00,550 | INFO | APPEND | movie=Avatar | review_id=rw2293100
2026-02-04 20:09:00,553 | INFO | APPEND | movie=Avatar | review_id=rw2544975
2026-02-04 20:09:00,557 | INFO | APPEND | movie=Avatar | review_id=rw2178196
2026-02-04 20:09:00,560 | INFO | APPEND | movie=Avatar | review_id=rw2388066
2026-02-04 20:09:00,563 | INFO | APPEND | movie=Avatar | review_id=rw2179333
2026-02-04 20:09:00,565 | INFO | APPEND | movie=Avatar | review_id=rw2344084
2026-02-04 20:09:00,569 | INFO | APPEND | movie=Avatar | review_id=rw2184527
2026-02-04 20:09:00,572 | INFO | APPEND | movie=Avatar | review_id=rw2179150
2026-02-04 20:09:00,575 | INFO | APPEND | movie=Avatar | review_id=rw2181563
2026-02-04 20:09:00,578 | INFO | APPEND | movie=Avatar | review_id=rw2176862
2026-02-04 20:09:00,580 | INFO | APPEND | movie=Avatar | review_id=rw4244126
2026-02-04 20:09:00,583 | INFO | APPEND | movie=Avatar | review_id=rw2197561
2026-02-04 20:09:00,586 | INFO | APPEND | movie=Avatar | review_id=rw2184530
2026-02-04 20:09:00,591 | INFO | APPEND | movie=Avatar | review_id=rw2199335
2026-02-04 20:09:01,591 | INFO | FETCH page=25 | movie=Avatar | after=g4vofczsqyxdo6ig72vhtmbvrtrm2ar22iptt6xkdpj3qfldnewkidsyourtahrfbymqezxyp6eq5d7g2hpl2za
2026-02-04 20:09:04,037 | INFO | APPEND | movie=Avatar | review_id=rw2177146
2026-02-04 20:09:04,040 | INFO | APPEND | movie=Avatar | review_id=rw2217557
2026-02-04 20:09:04,043 | INFO | APPEND | movie=Avatar | review_id=rw2182882
2026-02-04 20:09:04,047 | INFO | APPEND | movie=Avatar | review_id=rw2186578
2026-02-04 20:09:04,048 | INFO | APPEND | movie=Avatar | review_id=rw2185247
2026-02-04 20:09:04,051 | INFO | APPEND | movie=Avatar | review_id=rw2176755
2026-02-04 20:09:04,054 | INFO | APPEND | movie=Avatar | review_id=rw2178389
2026-02-04 20:09:04,056 | INFO | APPEND | movie=Avatar | review_id=rw2291290
2026-02-04 20:09:04,062 | INFO | APPEND | movie=Avatar | review_id=rw2724199
2026-02-04 20:09:04,065 | INFO | APPEND | movie=Avatar | review_id=rw2179596
2026-02-04 20:09:04,067 | INFO | APPEND | movie=Avatar | review_id=rw2340290
2026-02-04 20:09:04,072 | INFO | APPEND | movie=Avatar | review_id=rw2176457
2026-02-04 20:09:04,076 | INFO | APPEND | movie=Avatar | review_id=rw2188068
2026-02-04 20:09:04,080 | INFO | APPEND | movie=Avatar | review_id=rw2202260
2026-02-04 20:09:04,082 | INFO | APPEND | movie=Avatar | review_id=rw2177783
2026-02-04 20:09:04,086 | INFO | APPEND | movie=Avatar | review_id=rw2177248
2026-02-04 20:09:04,090 | INFO | APPEND | movie=Avatar | review_id=rw2178097
2026-02-04 20:09:04,095 | INFO | APPEND | movie=Avatar | review_id=rw2176363
2026-02-04 20:09:04,098 | INFO | APPEND | movie=Avatar | review_id=rw11156010
2026-02-04 20:09:04,100 | INFO | APPEND | movie=Avatar | review_id=rw2285599
2026-02-04 20:09:04,103 | INFO | APPEND | movie=Avatar | review_id=rw2178642
2026-02-04 20:09:04,107 | INFO | APPEND | movie=Avatar | review_id=rw2192528
2026-02-04 20:09:04,110 | INFO | APPEND | movie=Avatar | review_id=rw2182709
2026-02-04 20:09:04,114 | INFO | APPEND | movie=Avatar | review_id=rw2189720
2026-02-04 20:09:04,117 | INFO | APPEND | movie=Avatar | review_id=rw2177334
2026-02-04 20:09:05,117 | INFO | FETCH page=26 | movie=Avatar | after=g4vopdrsqyxdo6ig72xxfnbrrlq4yabz3uod367jdpj3qfldnerkudsyoqrtbvoffnv5h5vjfwftkrgm532yfma
2026-02-04 20:09:07,305 | INFO | APPEND | movie=Avatar | review_id=rw2180542
2026-02-04 20:09:07,313 | INFO | APPEND | movie=Avatar | review_id=rw2179418
2026-02-04 20:09:07,329 | INFO | APPEND | movie=Avatar | review_id=rw2184768
2026-02-04 20:09:07,332 | INFO | APPEND | movie=Avatar | review_id=rw2177395
2026-02-04 20:09:07,335 | INFO | APPEND | movie=Avatar | review_id=rw3809597
2026-02-04 20:09:07,339 | INFO | APPEND | movie=Avatar | review_id=rw2177714
2026-02-04 20:09:07,345 | INFO | APPEND | movie=Avatar | review_id=rw2185046
2026-02-04 20:09:07,349 | INFO | APPEND | movie=Avatar | review_id=rw2182693
2026-02-04 20:09:07,352 | INFO | APPEND | movie=Avatar | review_id=rw2184162
2026-02-04 20:09:07,356 | INFO | APPEND | movie=Avatar | review_id=rw2187993
2026-02-04 20:09:07,359 | INFO | APPEND | movie=Avatar | review_id=rw2336116
2026-02-04 20:09:07,363 | INFO | APPEND | movie=Avatar | review_id=rw2181162
2026-02-04 20:09:07,365 | INFO | APPEND | movie=Avatar | review_id=rw2174893
2026-02-04 20:09:07,368 | INFO | APPEND | movie=Avatar | review_id=rw2177322
2026-02-04 20:09:07,371 | INFO | APPEND | movie=Avatar | review_id=rw2175956
2026-02-04 20:09:07,374 | INFO | APPEND | movie=Avatar | review_id=rw2180509
2026-02-04 20:09:07,379 | INFO | APPEND | movie=Avatar | review_id=rw3432632
2026-02-04 20:09:07,382 | INFO | APPEND | movie=Avatar | review_id=rw2179652
2026-02-04 20:09:07,384 | INFO | APPEND | movie=Avatar | review_id=rw6100442
2026-02-04 20:09:07,391 | INFO | APPEND | movie=Avatar | review_id=rw2177001
2026-02-04 20:09:07,465 | INFO | APPEND | movie=Avatar | review_id=rw2384190
2026-02-04 20:09:07,469 | INFO | APPEND | movie=Avatar | review_id=rw3598455
2026-02-04 20:09:07,503 | INFO | APPEND | movie=Avatar | review_id=rw6299655
2026-02-04 20:09:07,517 | INFO | APPEND | movie=Avatar | review_id=rw3552564
2026-02-04 20:09:07,525 | INFO | APPEND | movie=Avatar | review_id=rw5982161
2026-02-04 20:09:08,526 | INFO | FETCH page=27 | movie=Avatar | after=g4votbbsqyxdo6ie72xh3mbsr7r4mart3uodt77jdpj3qflemew26dc5oertbeymttiarjq2hxtff6qwczquw5i
2026-02-04 20:09:10,800 | INFO | APPEND | movie=Avatar | review_id=rw2186177
2026-02-04 20:09:10,808 | INFO | APPEND | movie=Avatar | review_id=rw2177372
2026-02-04 20:09:10,821 | INFO | APPEND | movie=Avatar | review_id=rw3551463
2026-02-04 20:09:10,826 | INFO | APPEND | movie=Avatar | review_id=rw2176811
2026-02-04 20:09:10,830 | INFO | APPEND | movie=Avatar | review_id=rw4223440
2026-02-04 20:09:10,833 | INFO | APPEND | movie=Avatar | review_id=rw2176133
2026-02-04 20:09:10,836 | INFO | APPEND | movie=Avatar | review_id=rw2359796
2026-02-04 20:09:10,839 | INFO | APPEND | movie=Avatar | review_id=rw3089352
2026-02-04 20:09:10,844 | INFO | APPEND | movie=Avatar | review_id=rw8741971
2026-02-04 20:09:10,846 | INFO | APPEND | movie=Avatar | review_id=rw7778163
2026-02-04 20:09:10,849 | INFO | APPEND | movie=Avatar | review_id=rw7779205
2026-02-04 20:09:10,852 | INFO | APPEND | movie=Avatar | review_id=rw2175602
2026-02-04 20:09:10,856 | INFO | APPEND | movie=Avatar | review_id=rw2178288
2026-02-04 20:09:10,860 | INFO | APPEND | movie=Avatar | review_id=rw5020921
2026-02-04 20:09:10,862 | INFO | APPEND | movie=Avatar | review_id=rw2176878
2026-02-04 20:09:10,865 | INFO | APPEND | movie=Avatar | review_id=rw5252852
2026-02-04 20:09:10,867 | INFO | APPEND | movie=Avatar | review_id=rw2176329
2026-02-04 20:09:10,871 | INFO | APPEND | movie=Avatar | review_id=rw2189219
2026-02-04 20:09:10,874 | INFO | APPEND | movie=Avatar | review_id=rw3269558
2026-02-04 20:09:10,877 | INFO | APPEND | movie=Avatar | review_id=rw4995835
2026-02-04 20:09:10,881 | INFO | APPEND | movie=Avatar | review_id=rw8771701
2026-02-04 20:09:10,884 | INFO | APPEND | movie=Avatar | review_id=rw5674778
2026-02-04 20:09:10,887 | INFO | APPEND | movie=Avatar | review_id=rw2179359
2026-02-04 20:09:10,890 | INFO | APPEND | movie=Avatar | review_id=rw2176519
2026-02-04 20:09:10,893 | INFO | APPEND | movie=Avatar | review_id=rw3817543
2026-02-04 20:09:11,894 | INFO | FETCH page=28 | movie=Avatar | after=g4v6bdzsqyxdo6ie72whrojtrdtm2bjt3yndt4pqcwb32uljnerkqckymjocby3dosvrbdkb7smp6xvtgvyjq
2026-02-04 20:09:13,529 | INFO | APPEND | movie=Avatar | review_id=rw2177483
2026-02-04 20:09:13,535 | INFO | APPEND | movie=Avatar | review_id=rw5809843
2026-02-04 20:09:13,539 | INFO | APPEND | movie=Avatar | review_id=rw2178459
2026-02-04 20:09:13,542 | INFO | APPEND | movie=Avatar | review_id=rw2377866
2026-02-04 20:09:13,547 | INFO | APPEND | movie=Avatar | review_id=rw2192624
2026-02-04 20:09:13,551 | INFO | APPEND | movie=Avatar | review_id=rw2176023
2026-02-04 20:09:13,554 | INFO | APPEND | movie=Avatar | review_id=rw2178143
2026-02-04 20:09:13,559 | INFO | APPEND | movie=Avatar | review_id=rw2175200
2026-02-04 20:09:13,562 | INFO | APPEND | movie=Avatar | review_id=rw2176030
2026-02-04 20:09:13,564 | INFO | APPEND | movie=Avatar | review_id=rw2186942
2026-02-04 20:09:13,567 | INFO | APPEND | movie=Avatar | review_id=rw2182276
2026-02-04 20:09:13,570 | INFO | APPEND | movie=Avatar | review_id=rw2176734
2026-02-04 20:09:13,573 | INFO | APPEND | movie=Avatar | review_id=rw2179923
2026-02-04 20:09:13,578 | INFO | APPEND | movie=Avatar | review_id=rw2176747
2026-02-04 20:09:13,581 | INFO | APPEND | movie=Avatar | review_id=rw2359202
2026-02-04 20:09:13,583 | INFO | APPEND | movie=Avatar | review_id=rw2178313
2026-02-04 20:09:13,586 | INFO | APPEND | movie=Avatar | review_id=rw2178170
2026-02-04 20:09:13,589 | INFO | APPEND | movie=Avatar | review_id=rw2179194
2026-02-04 20:09:13,595 | INFO | APPEND | movie=Avatar | review_id=rw2175960
2026-02-04 20:09:13,599 | INFO | APPEND | movie=Avatar | review_id=rw2602897
2026-02-04 20:09:13,603 | INFO | APPEND | movie=Avatar | review_id=rw2178147
2026-02-04 20:09:13,607 | INFO | APPEND | movie=Avatar | review_id=rw2175977
2026-02-04 20:09:13,611 | INFO | APPEND | movie=Avatar | review_id=rw2175501
2026-02-04 20:09:13,615 | INFO | APPEND | movie=Avatar | review_id=rw2176615
2026-02-04 20:09:13,619 | INFO | APPEND | movie=Avatar | review_id=rw2368856
2026-02-04 20:09:14,620 | INFO | FETCH page=29 | movie=Avatar | after=g4v6fbjsqyxdo6ib7cxx5oburtqmsbb53mmdz6pkdpj3qfldnmr2kbk6oyrta7jmjxez7gofpog6jg3k4l5zyzy
2026-02-04 20:09:17,084 | INFO | APPEND | movie=Avatar | review_id=rw2178158
2026-02-04 20:09:17,091 | INFO | APPEND | movie=Avatar | review_id=rw2178317
2026-02-04 20:09:17,107 | INFO | APPEND | movie=Avatar | review_id=rw2193037
2026-02-04 20:09:17,112 | INFO | APPEND | movie=Avatar | review_id=rw2179304
2026-02-04 20:09:17,120 | INFO | APPEND | movie=Avatar | review_id=rw2177701
2026-02-04 20:09:17,129 | INFO | APPEND | movie=Avatar | review_id=rw2181035
2026-02-04 20:09:17,166 | INFO | APPEND | movie=Avatar | review_id=rw2178831
2026-02-04 20:09:17,213 | INFO | APPEND | movie=Avatar | review_id=rw2187243
2026-02-04 20:09:17,226 | INFO | APPEND | movie=Avatar | review_id=rw2182589
2026-02-04 20:09:17,230 | INFO | APPEND | movie=Avatar | review_id=rw8745984
2026-02-04 20:09:17,235 | INFO | APPEND | movie=Avatar | review_id=rw2366052
2026-02-04 20:09:17,238 | INFO | APPEND | movie=Avatar | review_id=rw2179763
2026-02-04 20:09:17,244 | INFO | APPEND | movie=Avatar | review_id=rw2177279
2026-02-04 20:09:17,247 | INFO | APPEND | movie=Avatar | review_id=rw2184851
2026-02-04 20:09:17,251 | INFO | APPEND | movie=Avatar | review_id=rw2184235
2026-02-04 20:09:17,255 | INFO | APPEND | movie=Avatar | review_id=rw2180715
2026-02-04 20:09:17,264 | INFO | APPEND | movie=Avatar | review_id=rw2178558
2026-02-04 20:09:17,267 | INFO | APPEND | movie=Avatar | review_id=rw2186024
2026-02-04 20:09:17,271 | INFO | APPEND | movie=Avatar | review_id=rw2179840
2026-02-04 20:09:17,277 | INFO | APPEND | movie=Avatar | review_id=rw2218094
2026-02-04 20:09:17,327 | INFO | APPEND | movie=Avatar | review_id=rw2388370
2026-02-04 20:09:17,331 | INFO | APPEND | movie=Avatar | review_id=rw2177432
2026-02-04 20:09:17,335 | INFO | APPEND | movie=Avatar | review_id=rw2182364
2026-02-04 20:09:17,340 | INFO | APPEND | movie=Avatar | review_id=rw2178631
2026-02-04 20:09:17,347 | INFO | APPEND | movie=Avatar | review_id=rw2182409
2026-02-04 20:09:18,348 | INFO | FETCH page=30 | movie=Avatar | after=g4v6pcbsqyxdo6ih72vh5mrrrtq4ubzs34odx7hndpj3qfldnew26ck3pertaqsve3oucol56k2lh52dc5xakoq
2026-02-04 20:09:20,591 | INFO | APPEND | movie=Avatar | review_id=rw2178252
2026-02-04 20:09:20,600 | INFO | APPEND | movie=Avatar | review_id=rw2342143
2026-02-04 20:09:20,616 | INFO | APPEND | movie=Avatar | review_id=rw2179373
2026-02-04 20:09:20,619 | INFO | APPEND | movie=Avatar | review_id=rw2176224
2026-02-04 20:09:20,626 | INFO | APPEND | movie=Avatar | review_id=rw2818356
2026-02-04 20:09:20,629 | INFO | APPEND | movie=Avatar | review_id=rw2206705
2026-02-04 20:09:20,633 | INFO | APPEND | movie=Avatar | review_id=rw2176269
2026-02-04 20:09:20,636 | INFO | APPEND | movie=Avatar | review_id=rw2178967
2026-02-04 20:09:20,641 | INFO | APPEND | movie=Avatar | review_id=rw2179544
2026-02-04 20:09:20,646 | INFO | APPEND | movie=Avatar | review_id=rw2181918
2026-02-04 20:09:20,649 | INFO | APPEND | movie=Avatar | review_id=rw2186808
2026-02-04 20:09:20,653 | INFO | APPEND | movie=Avatar | review_id=rw2179563
2026-02-04 20:09:20,658 | INFO | APPEND | movie=Avatar | review_id=rw2532909
2026-02-04 20:09:20,662 | INFO | APPEND | movie=Avatar | review_id=rw2176459
2026-02-04 20:09:20,668 | INFO | APPEND | movie=Avatar | review_id=rw2184148
2026-02-04 20:09:20,673 | INFO | APPEND | movie=Avatar | review_id=rw2176973
2026-02-04 20:09:20,678 | INFO | APPEND | movie=Avatar | review_id=rw2379134
2026-02-04 20:09:20,693 | INFO | APPEND | movie=Avatar | review_id=rw2180558
2026-02-04 20:09:20,699 | INFO | APPEND | movie=Avatar | review_id=rw2181935
2026-02-04 20:09:20,707 | INFO | APPEND | movie=Avatar | review_id=rw2184083
2026-02-04 20:09:20,714 | INFO | APPEND | movie=Avatar | review_id=rw2184895
2026-02-04 20:09:20,724 | INFO | APPEND | movie=Avatar | review_id=rw2188277
2026-02-04 20:09:20,740 | INFO | APPEND | movie=Avatar | review_id=rw4332710
2026-02-04 20:09:20,752 | INFO | APPEND | movie=Avatar | review_id=rw2179187
2026-02-04 20:09:20,760 | INFO | APPEND | movie=Avatar | review_id=rw8134113
2026-02-04 20:09:21,761 | INFO | FETCH page=31 | movie=Avatar | after=g4v6rdbsqyxdo6ih62vhzojsqlt42cb33mpd36xidpj3qfljnetksdc2omrtbnbd5olgzeuafihyzuv2x4bz56q
2026-02-04 20:09:22,537 | WARNING | NO DATA page=31 | movie=Avatar
2026-02-04 20:09:22,537 | INFO | DONE movie=Avatar | total_reviews=750
2026-02-04 20:09:22,537 | INFO | START movie=Avatar: The Way of Water
2026-02-04 20:09:22,539 | INFO | FETCH page=1 | movie=Avatar: The Way of Water | after=None
2026-02-04 20:09:23,323 | WARNING | NO DATA page=1 | movie=Avatar: The Way of Water
2026-02-04 20:09:23,324 | INFO | DONE movie=Avatar: The Way of Water | total_reviews=0
2026-02-04 20:09:23,324 | INFO | START movie=Avatar 3
2026-02-04 20:09:23,324 | INFO | FETCH page=1 | movie=Avatar 3 | after=None
2026-02-04 20:09:24,124 | WARNING | NO DATA page=1 | movie=Avatar 3
2026-02-04 20:09:24,124 | INFO | DONE movie=Avatar 3 | total_reviews=0
2026-02-04 20:09:24,125 | INFO | ===== FINISH CRAWL =====
